// Jest Snapshot v1, https://goo.gl/fbAQLP

exports[`<ErrorBar /> Renders Correctly 1`] = `
<div
  className="Error"
  style={
    Object {
      "color": "blue",
    }
  }
>
  <p>
    ok bye!
  </p>
</div>
`;
